#############################################################################################################
#                                               f1_score_macro                                              #
#############################################################################################################

Dataset type: Glass X Crystal Elements CVs Feature Engineering with Unimodal Method F1-Score Macro
Random seed: 0
Test split size: 0.1
Total number of trials: 2000, with cross-validation applied to the 100 best trials
Mean time per trial: 1.395 ± 1.212 minutes
Best trial number: 1170
Best trial parameters: {'n_estimators': 722, 'criterion': 'gini', 'min_samples_split': 3, 'min_samples_leaf': 1, 'has_max_depth': True, 'max_depth': 90, 'max_features_is_float': False, 'max_features_categorical': None, 'has_max_leaf_nodes': False, 'min_impurity_decrease_is_float': False, 'has_class_weight': True, 'class_weight': 'balanced_subsample', 'has_ccp_alpha': True, 'ccp_alpha': 4.429172017000593e-05, 'max_samples_is_float': False}
Folds scores of f1_score_macro for the best trial by cross validation: [0.7863904129816435, 0.7952095517506959, 0.7841681462118762, 0.7908040346790672, 0.788605237569425, 0.7840046641856064, 0.7903445707765846, 0.789577304659046, 0.7826254492413648, 0.7885539839453379]
Value of f1_score_macro for the best trial by cross validation: 0.7880
Mean of f1_score_macro for the best trial by cross validation: 0.7880
Median of f1_score_macro for the best trial by cross validation: 0.7886
Standard Deviation of f1_score_macro for the best trial by cross validation: 0.0036 

#############################################################################################################

ROC AUC metric for optimized model: 0.8888 

PR AUC metric for optimized model: 0.9492
PR AUC Macro metric for optimized model: 0.9492
PR AUC Micro metric for optimized model: 0.9492 

F1-Score Binary (BCC) metric for optimized model: 0.8789
F1-Score Macro metric for optimized model: 0.7847
F1-Score Micro metric for optimized model: 0.8259 

Precision Binary (BCC) metric for optimized model: 0.8659
Recall Binary (BCC) metric for optimized model: 0.8923 

Accuracy metric for optimized model: 0.8259
Balanced Accuracy metric for optimized model: 0.7786 

Log Loss metric for optimized model: 0.3733
Brier Score metric for optimized model: 0.1192 

#############################################################################################################

ROC AUC metric for standard model: 0.8907 

PR AUC metric for standard model: 0.9469
PR AUC Macro metric for standard model: 0.9469
PR AUC Micro metric for standard model: 0.9469 

F1-Score Binary (BCC) metric for standard model: 0.8853
F1-Score Macro metric for standard model: 0.7773
F1-Score Micro metric for standard model: 0.8297 

Precision Binary (BCC) metric for standard model: 0.8460
Recall Binary (BCC) metric for standard model: 0.9284 

Accuracy metric for standard model: 0.8297
Balanced Accuracy metric for standard model: 0.7593 

Log Loss metric for standard model: 0.3944
Brier Score metric for standard model: 0.1177 

